<button id="navigationprefix___button___name" name="navigationprefix___button___name" class="btn btn-outline-primary btn-sm">description</button>