<textarea id="name" name="name" class="form-control form-control-sm" rows="2">testo</textarea>