<label for="name" class="col-form-label form-control-sm float-right pr-0" data-toggle="tooltip" data-placement="bottom" title="tooltip">description:</label>