<div class="m-0 mb-2 pl-1 pr-1 col-lg-1 col-1"><label for="name" class="col-form-label form-control-sm float-right pr-0" data-toggle="tooltip" data-placement="bottom" title="tooltip">description:</label></div><div class="m-0 mb-2 pl-1 pr-1 col-lg-1 col-1"><input id="name" name="name" type="text" value="" class="form-control form-control-sm" data-toggle="tooltip" data-placement="bottom" title="tooltip"/></div>