<div class="m-0 mb-2 pl-1 pr-1 col-lg-1 col-1"><button id="navigationprefix___button___name" name="navigationprefix___button___name" class="btn btn-outline-primary btn-sm">description</button></div>