<span class="btn btn-link btn-sm text-secondary"><i class="fas fa-download"></i> Non presente</span>