<div class="custom-file small"><input id="name" name="name" type="file" data-toggle="tooltip" data-placement="bottom" title="tooltip" class="custom-file-input"><label class="custom-file-label" for="name">Choose file</label></div>