<button name="navigationprefix___button___name" type="submit" class="btn btn-link btn-sm" data-toggle="tooltip" data-placement="bottom" title="Download file"><i class="fas fa-download"></i> Download</button>