<div class="dropdown">
 <button class="btn btn-outline-primary btn-sm dropdown-toggle" type="button" data-toggle="dropdown" aria-expanded="false">description</button>
 <div class="dropdown-menu">
  <a class="dropdown-item" href="Page.html?navigationprefix___button___name=code1">description 1</a>
  <a class="dropdown-item" href="Page.html?navigationprefix___button___name=code2">description 2</a>
 </div>
</div>