<div class="dropdown">
 <button class="btn btn-outline-primary btn-sm" type="button">description</button>
</div>